// Vitest Snapshot v1, https://vitest.dev/guide/snapshot.html

exports[`local skill templates > snapshots generic local skills 1`] = `
"---
name: project-architecture
description: Generic project architecture and design guardrails. Use when changing UI, layout, component architecture, state flow, theming, or Next.js server/client boundaries.
---

# Project Architecture Guardrails

Use this skill when a change touches UI, component structure, app behavior, theming, or data display.

## Rules

1. Keep the app server-first unless interactivity requires a client island.
2. Read relevant Next.js docs in \`node_modules/next/dist/docs/\` before changing framework APIs.
3. Use Purrfold-installed supported Next.js workflow skills from \`vercel/next.js\` in \`.agents/skills/\` for Cache Components and dev-loop work when present; rerun \`./skills.sh\` if they are missing.
4. Respect \`DESIGN.md\` for visual and UX decisions.
5. Use shadcn primitives and semantic tokens before custom styling.
6. Add tests proportional to risk.

## Pre-Close Checklist

- Did the change add unnecessary client-side surface?
- Does it follow \`DESIGN.md\`?
- Are loading, empty, and error states explicit?
- Did you run \`.agents/skills/project-min-evaluation/SKILL.md\` before claiming completion?
"
`;

exports[`local skill templates > snapshots generic local skills 2`] = `
"---
name: decision-doc-sync
description: Keep documentation synchronized when structural architecture, UI/UX, quality-gate, or cross-cutting conventions change.
---

# Decision Documentation Sync

Use this skill when a change introduces or changes a structural decision.

Review and update affected docs:

1. \`README.md\` for architecture and scripts.
2. \`DESIGN.md\` for visual and UX standards.
3. \`AGENTS.md\` for operational guidance.
4. \`docs/adr/\` when a durable decision record is needed.
"
`;
